{
  "accepted_high_runs": [
    "h1",
    "h3",
    "h4",
    "h5"
  ],
  "excluded_high_runs": {
    "h2": "controller initial reclaim had not returned idle before measurement"
  },
  "groups": {
    "baseline_high": {
      "get_ops_sec": {
        "median": 97349.015,
        "min": 94416.41,
        "max": 100581.08
      },
      "set_ops_sec": {
        "median": 120650.035,
        "min": 110830.76,
        "max": 126346.8
      },
      "total_ops_sec": {
        "median": 218580.13,
        "min": 205247.16999999998,
        "max": 225765.72
      },
      "get_p99_ms": {
        "median": 1.487,
        "min": 1.407,
        "max": 1.527
      },
      "set_p99_ms": {
        "median": 1.499,
        "min": 1.399,
        "max": 1.535
      },
      "get_p999_ms": {
        "median": 1.723,
        "min": 1.519,
        "max": 1.951
      },
      "set_p999_ms": {
        "median": 1.703,
        "min": 1.527,
        "max": 1.903
      },
      "get_p9999_ms": {
        "median": 6.319,
        "min": 3.919,
        "max": 12.287
      },
      "set_p9999_ms": {
        "median": 5.9190000000000005,
        "min": 2.863,
        "max": 12.479
      },
      "joint_p99_ms": {
        "median": 1.5070000000000001,
        "min": 1.407,
        "max": 1.535
      },
      "joint_p999_ms": {
        "median": 1.723,
        "min": 1.527,
        "max": 1.951
      },
      "joint_p9999_ms": {
        "median": 6.319,
        "min": 3.919,
        "max": 12.479
      },
      "reclaim_count": {
        "median": 651.0,
        "min": 463.0,
        "max": 1462.0
      },
      "reclaim_time_ms": {
        "median": 983.378202,
        "min": 679.918708,
        "max": 2331.070178
      },
      "reclaim_threads": {
        "median": 32.0,
        "min": 32.0,
        "max": 32.0
      },
      "main_psi_some_ms": {
        "median": 42.69,
        "min": 22.362,
        "max": 77.153
      },
      "parent_high_events": {
        "median": 874.5,
        "min": 628.0,
        "max": 1844.0
      },
      "main_start_gib": {
        "median": 54.01635932922363,
        "min": 54.00081253051758,
        "max": 54.05835723876953
      },
      "main_end_gib": {
        "median": 64.39184951782227,
        "min": 63.51325607299805,
        "max": 64.90265274047852
      },
      "side_start_gib": {
        "median": 49.88615798950195,
        "min": 49.754432678222656,
        "max": 49.9863395690918
      },
      "side_end_gib": {
        "median": 39.56510543823242,
        "min": 38.815673828125,
        "max": 40.39296340942383
      }
    },
    "proactive_high": {
      "get_ops_sec": {
        "median": 101569.0,
        "min": 97371.92,
        "max": 104812.46
      },
      "set_ops_sec": {
        "median": 126709.73,
        "min": 114845.3,
        "max": 134315.48
      },
      "total_ops_sec": {
        "median": 228278.72999999998,
        "min": 212217.22,
        "max": 239127.94
      },
      "get_p99_ms": {
        "median": 1.375,
        "min": 1.359,
        "max": 1.423
      },
      "set_p99_ms": {
        "median": 1.371,
        "min": 1.343,
        "max": 1.455
      },
      "get_p999_ms": {
        "median": 1.467,
        "min": 1.447,
        "max": 1.551
      },
      "set_p999_ms": {
        "median": 1.5270000000000001,
        "min": 1.431,
        "max": 1.647
      },
      "get_p9999_ms": {
        "median": 2.455,
        "min": 2.415,
        "max": 2.527
      },
      "set_p9999_ms": {
        "median": 2.1189999999999998,
        "min": 1.783,
        "max": 2.175
      },
      "joint_p99_ms": {
        "median": 1.375,
        "min": 1.359,
        "max": 1.455
      },
      "joint_p999_ms": {
        "median": 1.5270000000000001,
        "min": 1.447,
        "max": 1.647
      },
      "joint_p9999_ms": {
        "median": 2.455,
        "min": 2.415,
        "max": 2.527
      },
      "reclaim_count": {
        "median": 0.0,
        "min": 0.0,
        "max": 0.0
      },
      "reclaim_time_ms": {
        "median": 0.0,
        "min": 0.0,
        "max": 0.0
      },
      "reclaim_threads": {
        "median": 0.0,
        "min": 0.0,
        "max": 0.0
      },
      "main_psi_some_ms": {
        "median": 0.0,
        "min": 0.0,
        "max": 0.0
      },
      "parent_high_events": {
        "median": 0.0,
        "min": 0.0,
        "max": 0.0
      },
      "main_start_gib": {
        "median": 54.06132125854492,
        "min": 54.015323638916016,
        "max": 54.135982513427734
      },
      "main_end_gib": {
        "median": 64.9341812133789,
        "min": 63.87160873413086,
        "max": 65.614990234375
      },
      "side_start_gib": {
        "median": 26.4322452545166,
        "min": 26.42816162109375,
        "max": 26.432846069335938
      },
      "side_end_gib": {
        "median": 26.432239532470703,
        "min": 26.428131103515625,
        "max": 26.43273162841797
      }
    },
    "baseline_medium": {
      "get_ops_sec": {
        "median": 101477.29,
        "min": 89960.67,
        "max": 116273.82
      },
      "set_ops_sec": {
        "median": 100605.2,
        "min": 93149.07,
        "max": 120033.13
      },
      "total_ops_sec": {
        "median": 202082.49,
        "min": 183109.74,
        "max": 236306.95
      },
      "get_p99_ms": {
        "median": 1.239,
        "min": 1.199,
        "max": 1.247
      },
      "set_p99_ms": {
        "median": 1.263,
        "min": 1.215,
        "max": 1.263
      },
      "get_p999_ms": {
        "median": 1.335,
        "min": 1.295,
        "max": 1.335
      },
      "set_p999_ms": {
        "median": 1.359,
        "min": 1.303,
        "max": 1.383
      },
      "get_p9999_ms": {
        "median": 8.031,
        "min": 3.151,
        "max": 8.063
      },
      "set_p9999_ms": {
        "median": 7.743,
        "min": 3.647,
        "max": 8.255
      },
      "joint_p99_ms": {
        "median": 1.263,
        "min": 1.215,
        "max": 1.263
      },
      "joint_p999_ms": {
        "median": 1.359,
        "min": 1.303,
        "max": 1.383
      },
      "joint_p9999_ms": {
        "median": 8.031,
        "min": 3.647,
        "max": 8.255
      },
      "reclaim_count": {
        "median": 137.0,
        "min": 130.0,
        "max": 155.0
      },
      "reclaim_time_ms": {
        "median": 395.603295,
        "min": 188.578322,
        "max": 578.01658
      },
      "reclaim_threads": {
        "median": 16.0,
        "min": 16.0,
        "max": 16.0
      },
      "main_psi_some_ms": {
        "median": 33.926,
        "min": 17.588,
        "max": 41.486
      },
      "parent_high_events": {
        "median": 217.0,
        "min": 190.0,
        "max": 219.0
      },
      "main_start_gib": {
        "median": 53.9652214050293,
        "min": 53.944175720214844,
        "max": 54.06028366088867
      },
      "main_end_gib": {
        "median": 62.59434127807617,
        "min": 61.925865173339844,
        "max": 64.33658599853516
      },
      "side_start_gib": {
        "median": 50.01546859741211,
        "min": 49.9052734375,
        "max": 50.02201461791992
      },
      "side_end_gib": {
        "median": 41.24000549316406,
        "min": 39.597816467285156,
        "max": 41.94379806518555
      }
    },
    "baseline_low": {
      "get_ops_sec": {
        "median": 83101.59,
        "min": 82491.44,
        "max": 83607.85
      },
      "set_ops_sec": {
        "median": 99522.42,
        "min": 97647.31,
        "max": 100395.36
      },
      "total_ops_sec": {
        "median": 183130.27000000002,
        "min": 180138.75,
        "max": 183496.95
      },
      "get_p99_ms": {
        "median": 0.583,
        "min": 0.583,
        "max": 0.583
      },
      "set_p99_ms": {
        "median": 0.583,
        "min": 0.583,
        "max": 0.583
      },
      "get_p999_ms": {
        "median": 0.879,
        "min": 0.663,
        "max": 1.087
      },
      "set_p999_ms": {
        "median": 1.103,
        "min": 0.983,
        "max": 1.143
      },
      "get_p9999_ms": {
        "median": 3.119,
        "min": 2.911,
        "max": 3.887
      },
      "set_p9999_ms": {
        "median": 2.799,
        "min": 2.639,
        "max": 3.775
      },
      "joint_p99_ms": {
        "median": 0.583,
        "min": 0.583,
        "max": 0.583
      },
      "joint_p999_ms": {
        "median": 1.103,
        "min": 0.983,
        "max": 1.143
      },
      "joint_p9999_ms": {
        "median": 3.119,
        "min": 2.911,
        "max": 3.887
      },
      "reclaim_count": {
        "median": 997.0,
        "min": 825.0,
        "max": 1481.0
      },
      "reclaim_time_ms": {
        "median": 521.529736,
        "min": 422.079754,
        "max": 793.279251
      },
      "reclaim_threads": {
        "median": 8.0,
        "min": 8.0,
        "max": 8.0
      },
      "main_psi_some_ms": {
        "median": 63.412,
        "min": 58.396,
        "max": 103.795
      },
      "parent_high_events": {
        "median": 1136.0,
        "min": 945.0,
        "max": 1641.0
      },
      "main_start_gib": {
        "median": 53.83854293823242,
        "min": 53.827667236328125,
        "max": 53.862709045410156
      },
      "main_end_gib": {
        "median": 62.497928619384766,
        "min": 62.33074951171875,
        "max": 62.57524871826172
      },
      "side_start_gib": {
        "median": 50.14617919921875,
        "min": 50.1237907409668,
        "max": 50.16372299194336
      },
      "side_end_gib": {
        "median": 41.34661865234375,
        "min": 41.3231315612793,
        "max": 41.6534309387207
      }
    }
  },
  "paired": {
    "total_tput_change_pct": {
      "median": 3.024660313911165,
      "min": -0.33093155152164044,
      "max": 13.00610161648368
    },
    "get_tput_change_pct": {
      "median": 2.3624694403668323,
      "min": 1.543650157663845,
      "max": 10.005708491609555
    },
    "set_tput_change_pct": {
      "median": 3.5843803204344993,
      "min": -1.8461171948953248,
      "max": 15.46360947160126
    },
    "get_p99_change_pct": {
      "median": -6.1029479966246525,
      "min": -11.001964636542239,
      "max": -1.7057569296375252
    },
    "set_p99_change_pct": {
      "median": -6.128211803817113,
      "min": -12.508143322475561,
      "max": -1.1436740528949274
    },
    "joint_p99_change_pct": {
      "median": -6.341084281376802,
      "min": -11.465798045602604,
      "max": -1.7057569296375252
    },
    "get_p999_change_pct": {
      "median": -15.785426209943498,
      "min": -20.502306509482327,
      "max": -2.6333113890717463
    },
    "set_p999_change_pct": {
      "median": -13.128118613451884,
      "min": -16.753926701570688,
      "max": 3.6673215455140795
    },
    "get_p9999_change_pct": {
      "median": -60.422254360952735,
      "min": -80.2148612354521,
      "max": -36.7440673641235
    },
    "set_p9999_change_pct": {
      "median": -63.71668670601758,
      "min": -82.82714961134707,
      "max": -37.7226685295145
    },
    "joint_p9999_change_pct": {
      "median": -60.422254360952735,
      "min": -80.51927237759435,
      "max": -36.7440673641235
    }
  },
  "slo": {
    "p999_ms": 1.7,
    "reactive_qualified_profile": "medium",
    "proactive_qualified_profile": "high",
    "reactive_capacity_ops_sec": 202082.49,
    "proactive_capacity_ops_sec": 228278.72999999998,
    "capacity_gain_pct": 12.963141932782008,
    "reactive_high_passes": 1,
    "reactive_high_runs": 4,
    "reactive_medium_passes": 3,
    "reactive_medium_runs": 3,
    "proactive_high_passes": 4,
    "proactive_high_runs": 4
  },
  "p9999_guardrail": {
    "threshold_ms": 3.0,
    "proactive_high_passes": 4,
    "proactive_high_runs": 4,
    "reactive_high_passes": 0,
    "reactive_high_runs": 4,
    "reactive_medium_passes": 0,
    "reactive_medium_runs": 3,
    "reactive_low_passes": 1,
    "reactive_low_runs": 3
  },
  "guards": {
    "max_parent_max_events": 0,
    "max_parent_oom_events": 0,
    "max_evictions": 0,
    "max_get_misses_sec": 0.1,
    "max_proactive_service_reclaim_calls": 0,
    "max_proactive_service_psi_ms": 0.0,
    "max_accepted_controller_rows_during_measure": 0
  }
}
